// Jest Snapshot v1, https://goo.gl/fbAQLP

exports[`<PrivateRoute /> renders with snapshot 1`] = `
<MemoryRouter
  initialEntries={
    Array [
      "/",
    ]
  }
  initialIndex={0}
>
  <Router
    history={
      Object {
        "action": "POP",
        "block": [Function],
        "canGo": [Function],
        "createHref": [Function],
        "entries": Array [
          Object {
            "hash": "",
            "key": "4ow023",
            "pathname": "/",
            "search": "",
            "state": undefined,
          },
        ],
        "go": [Function],
        "goBack": [Function],
        "goForward": [Function],
        "index": 0,
        "length": 1,
        "listen": [Function],
        "location": Object {
          "hash": "",
          "key": "4ow023",
          "pathname": "/",
          "search": "",
          "state": undefined,
        },
        "push": [Function],
        "replace": [Function],
      }
    }
  >
    <PrivateRoute
      component={[Function]}
      href="#test"
    />
  </Router>
</MemoryRouter>
`;
